[gen-bye-video] submitting google/veo-3.1 job (image-to-video)…
[gen-bye-video] job id u1Ghxr4JZxBGgKZM2C6J, status pending
[gen-bye-video] poll 1: pending
[gen-bye-video] poll 2: pending
[gen-bye-video] poll 3: pending
[gen-bye-video] poll 4: pending
[gen-bye-video] poll 5: pending
[gen-bye-video] poll 6: pending
[gen-bye-video] poll 7: pending
[gen-bye-video] poll 8: pending
[gen-bye-video] poll 9: pending
[gen-bye-video] poll 10: pending
[gen-bye-video] poll 11: pending
[gen-bye-video] poll 12: pending
[gen-bye-video] poll 13: pending
[gen-bye-video] poll 14: pending
[gen-bye-video] poll 15: pending
[gen-bye-video] poll 16: pending
[gen-bye-video] poll 17: pending
[gen-bye-video] poll 18: pending
[gen-bye-video] poll 19: pending
[gen-bye-video] poll 20: pending
[gen-bye-video] poll 21: completed
[gen-bye-video] saved lessons/assets/cutscenes/bye-oneshot.mp4 (12.7 MB)
